[W1010 09:51:46.027354507 FunctionLoader.cpp:44] Warning: LD_PRELOAD detected, FunctionLoader prefers RTLD_DEFAULT for symbol resolution. (function operator())
/root/latchmoe-env/lib/python3.12/site-packages/triton/language/extra/cann/extension/math_ops.py:13: FutureWarning: triton.language.extra.cann.extension.atan2 is deprecated and will be removed in the next release; use triton.language.extra.cann.libdevice.atan2 instead.
  @_deprecated(replacement="triton.language.extra.cann.libdevice.atan2")
/root/latchmoe-env/lib/python3.12/site-packages/triton/language/extra/cann/extension/math_ops.py:35: FutureWarning: triton.language.extra.cann.extension.isfinited is deprecated and will be removed in the next release; use triton.language.extra.cann.libdevice.isfinited instead.
  @_deprecated(replacement="triton.language.extra.cann.libdevice.isfinited")
/root/latchmoe-env/lib/python3.12/site-packages/triton/language/extra/cann/extension/math_ops.py:49: FutureWarning: triton.language.extra.cann.extension.finitef is deprecated and will be removed in the next release; use triton.language.extra.cann.libdevice.finitef instead.
  @_deprecated(replacement="triton.language.extra.cann.libdevice.finitef")
{
  "diagnostic_only": true,
  "official_quality_scores": false,
  "no_model_constructed": true,
  "source_path": "/root/latchmoe-five-datasets-20261010/mod-source/vllm_moe_offload_ascend/moe_offload/autoconfig.py",
  "source_sha256": "fede2012f8906b8dc4af3be54163467fae88d62bc6984a46755d54dd89d1fec8",
  "applied": true,
  "plan": {
    "offload_group_size": 4,
    "offload_num_in_group": 1,
    "offloaded_layer_ids": [
      3,
      7,
      11,
      15,
      19,
      23,
      27,
      31,
      35,
      39
    ],
    "resident_layer_ids": [
      0,
      1,
      2,
      4,
      5,
      6,
      8,
      9,
      10,
      12,
      13,
      14,
      16,
      17,
      18,
      20,
      21,
      22,
      24,
      25,
      26,
      28,
      29,
      30,
      32,
      33,
      34,
      36,
      37,
      38
    ],
    "estimated_offloaded_layers": 10,
    "estimated_offloaded_gb": 15.0,
    "expert_layer_gb": 1.5,
    "slot_defaults": {
      "num_slots": 39,
      "fanout_threshold": 39,
      "slot_budget_gib": 2.75,
      "slot_budget_constraints": {
        "net_saving_slot_budget_gib": 11.25,
        "net_saving_slot_budget_after_reserve_gib": 2.75,
        "real_hbm_slot_budget_gib": 60.591880798339844,
        "effective_slot_budget_gib": 2.75,
        "minimum_net_saving": {
          "source": "ratio_default",
          "min_net_saving_gib": 3.75,
          "min_net_saving_ratio": 0.25,
          "explicit_min_net_saving_gib": null
        },
        "real_hbm": {
          "source": "torch.npu.mem_get_info",
          "free_gib": 60.591880798339844,
          "total_gib": 60.95703125,
          "used_gib": 0.36515045166015625,
          "gpu_memory_utilization": 1.0,
          "slot_hbm_budget_gib": 60.591880798339844
        },
        "physical_slot_fraction": {
          "source": "fraction_default",
          "slot_hbm_fraction": 0.12,
          "slot_fraction_budget_gib": 7.31484375
        },
        "reserve": {
          "kv_reserve_seqs": 4,
          "kv_reserve_ctx": 8192,
          "kv_reserve_gib": 2.5,
          "activation_estimate_gib": 4.0,
          "activation_reserve_gib": 4.0,
          "system_reserve_gib": 2.0,
          "non_slot_reserve_gib": 8.5,
          "prefill_buffer_count": 2,
          "affordability_layer_equivalent_count": 12
        }
      },
      "target_b2_waves": 4,
      "decode_working_set": 8,
      "estimated_b2_waves": 7,
      "slot_bank_gib": 2.28515625,
      "b2_stage_bank_gib": 0.45703125,
      "slot_plus_b2_stage_gib": 2.7421875,
      "net_hbm_saving_gib": 12.71484375
    }
  },
  "status": "config-planning-passed-not-npu-qualified"
}
